Turbo Assembler	 Version 2.0	    02/16/18 15:13:30	    Page 1
factor.asm



      1				     ;*******************************************************************************
      2				     ; CALCULA EL PRODUCTO DEL FACTORIAL DE DOS	NUMEROS	QUE SE
      3				     ; ENCUENTRAN EN LAS POSICIONES DE MEMORIA 0 Y 1 DEL SEGMENTO DE
      4				     ; DATOS. EL VALOR DE CADA NUMERO DEBE SER INFERIOR	A 9. EL	RESULTADO
      5				     ; SE ALMACENA EN DOS PALABRAS DEL SEGMENTO	EXTRA, EN LA PRIMERA
      6				     ; PALABRA EL MENOS	SIGNIFICATIVO Y	EN LA SEGUNDA EL MAS
      7				     ; SIGNIFICATIVO. SE UTILIZA UNA RUTINA PARA CALCULAR EL FACTORIAL.
      8				     ;*******************************************************************************
      9
     10				     ; DEFINICION DEL SEGMENTO DE DATOS
     11
     12	0000			     DATOS SEGMENT
     13
     14	0000  05		     DATO_1  DB	    5
     15	0001  02		     DATO_2  DB	    2
     16
     17	0002			     DATOS ENDS
     18
     19
     20				     ; DEFINICION DEL SEGMENTO DE PILA
     21
     22	0000			     PILA    SEGMENT STACK "STACK"
     23	0000  40*(00)			 DB   40H DUP (0)
     24	0040			     PILA ENDS
     25
     26
     27				     ; DEFINICION DEL SEGMENTO EXTRA
     28
     29	0000			     EXTRA     SEGMENT
     30	0000  0000 0000			 RESULT	   DW 0,0		  ; 2 PALABRAS ( 4 BYTES )
     31	0004			     EXTRA ENDS
     32
     33
     34				     ; DEFINICION DEL SEGMENTO DE CODIGO
     35
     36	0000			     CODE    SEGMENT
     37					 ASSUME	CS:CODE, DS:DATOS, ES: EXTRA, SS:PILA
     38
     39	0000  0000		     FACT_DATO_1  DW	   0
     40
     41				     ; COMIENZO	DEL PROCEDIMIENTO PRINCIPAL
     42
     43	0002			     START PROC
     44					 ;INICIALIZA LOS REGISTROS DE SEGMENTO CON SUS VALORES
     45	0002  B8 0000s			 MOV AX, DATOS
     46	0005  8E D8			 MOV DS, AX
     47
     48	0007  B8 0000s			 MOV AX, PILA
     49	000A  8E D0			 MOV SS, AX
     50
     51	000C  B8 0000s			 MOV AX, EXTRA
     52	000F  8E C0			 MOV ES, AX
     53
     54					 ; CARGA EL PUNTERO DE PILA CON	EL VALOR MAS ALTO
     55	0011  BC 0040			 MOV SP, 64
     56
     57					 ; FIN DE LAS INICIALIZACIONES
Turbo Assembler	 Version 2.0	    02/16/18 15:13:30	    Page 2
factor.asm



     58
     59					 ;COMIENZO DEL PROGRAMA
     60					 ;MOV CL, DATO_1
     61					 ;CALL FACTOR
     62					 ;MOV FACT_DATO_1, AX	    ; ALMACENA EL RESULTADO
     63					 ;MOV CL, DATO_2
     64					 ;CALL FACTOR
     65					 ;MOV BX, FACT_DATO_1
     66					 ;MUL BX		    ; EN AX ESTA EL RESULTADO DEL FACTORIAL DEL	SEGUNDO
     67
     68					     ;ALMACENA EL RESULTADO
     69					 ;MOV RESULT, AX
     70					 ;MOV RESULT+2,	DX
     71
     72	0014  8A 0E 0000r		     MOV CL, DATO_1
     73	0018  8B C1			     MOV AX, CX
     74					     ;MOV BL, DATO_2
     75	001A  F6 26 0001r		     MUL DATO_2
     76	001E  8B C8			     MOV CX, AX
     77	0020  E8 0009			     CALL FACTOR
     78	0023  26: A3 0000r		 MOV RESULT, AX
     79
     80					 ; FIN DEL PROGRAMA
     81	0027  B8 4C00			 MOV AX, 4C00H
     82	002A  CD 21			 INT 21H
     83
     84	002C			     START ENDP
     85				     ;_______________________________________________________________
     86				     ; SUBRUTINA PARA CALCULAR EL FACTORIAL DE UN NUMERO
     87				     ; ENTRADA CL=NUMERO
     88				     ; SALIDA AX=RESULTADO, DX=0 YA QUE	CL<=9
     89				     ;_______________________________________________________________
     90
     91	002C			     FACTOR PROC NEAR
     92	002C  B8 0001			 MOV AX, 1
     93	002F  32 ED			 XOR CH,CH
     94	0031  83 F9 00			 CMP CX, 0
     95	0034  74 05			 JE FIN
     96	0036			     IR:
     97	0036  F7 E1			 MUL CX
     98	0038  49			 DEC CX
     99	0039  75 FB			 JNE IR
    100	003B			     FIN:
    101	003B  C3			 RET
    102	003C			     FACTOR ENDP
    103
    104				     ; FIN DEL SEGMENTO	DE CODIGO
    105	003C			     CODE ENDS
    106				     ; FIN DEL PROGRAMA	INDICANDO DONDE	COMIENZA LA EJECUCION
    107				     END START
Turbo Assembler	 Version 2.0	    02/16/18 15:13:30	    Page 3
Symbol Table




Symbol Name			  Type	 Value

??DATE				  Text	 "02/16/18"
??FILENAME			  Text	 "factor  "
??TIME				  Text	 "15:13:30"
??VERSION			  Number 0200
@CPU				  Text	 0101H
@CURSEG				  Text	 CODE
@FILENAME			  Text	 FACTOR
@WORDSIZE			  Text	 2
DATO_1				  Byte	 DATOS:0000
DATO_2				  Byte	 DATOS:0001
FACTOR				  Near	 CODE:002C
FACT_DATO_1			  Word	 CODE:0000
FIN				  Near	 CODE:003B
IR				  Near	 CODE:0036
RESULT				  Word	 EXTRA:0000
START				  Near	 CODE:0002

Groups & Segments		  Bit Size Align  Combine Class

CODE				  16  003C Para	  none
DATOS				  16  0002 Para	  none
EXTRA				  16  0004 Para	  none
PILA				  16  0040 Para	  Stack	  STACK
